// Jest Snapshot v1, https://goo.gl/fbAQLP

exports[`should render Cart correctly 1`] = `
<div>
  <a
    aria-label="Корзина"
    class="header__cart-link"
    href="/cart"
  >
    <svg
      aria-hidden="true"
      class="header__cart-icon"
      height="14"
      width="14"
    >
      <use
        xlink:href="#icon-basket"
      />
    </svg>
    <span
      class="visually-hidden"
    >
      Перейти в корзину
    </span>
    <span
      class="header__cart-count"
    >
      2
    </span>
  </a>
</div>
`;
