// Jest Snapshot v1, https://goo.gl/fbAQLP

exports[`Component: ProductList should render ProductList correctly 1`] = `
<div>
  <div
    class="cards catalog__cards"
  >
    <div
      class="product-card"
    >
      <img
        alt="Честер Plus"
        height="190"
        src="/img/guitar-7.jpg"
        width="75"
      />
      <div
        class="product-card__info"
      >
        <div
          aria-hidden="true"
          class="rate product-card__rate"
        >
          <span
            class="visually-hidden"
          >
            Рейтинг:
          </span>
          <svg
            aria-hidden="true"
            height="11"
            width="12"
          >
            <use
              xlink:href="#icon-full-star"
            />
          </svg>
          <svg
            aria-hidden="true"
            height="11"
            width="12"
          >
            <use
              xlink:href="#icon-full-star"
            />
          </svg>
          <svg
            aria-hidden="true"
            height="11"
            width="12"
          >
            <use
              xlink:href="#icon-full-star"
            />
          </svg>
          <svg
            aria-hidden="true"
            height="11"
            width="12"
          >
            <use
              xlink:href="#icon-full-star"
            />
          </svg>
          <svg
            aria-hidden="true"
            height="11"
            width="12"
          >
            <use
              xlink:href="#icon-star"
            />
          </svg>
          <span
            class="rate__count"
          >
            4.5
          </span>
          <span
            class="rate__message"
          />
        </div>
        <p
          class="product-card__title"
        >
          Честер Plus
        </p>
        <p
          class="product-card__price"
        >
          <span
            class="visually-hidden"
          >
            Цена:
          </span>
          30000
           ₽
        </p>
      </div>
      <div
        class="product-card__buttons"
      >
        <a
          class="button button--mini"
          data-testid="more"
          href="/guitars/8"
        >
          Подробнее
        </a>
        <a
          class="button button--red button--mini button--add-to-cart"
          href="/cart"
        >
          Купить
        </a>
      </div>
    </div>
    <div
      class="product-card"
    >
      <img
        alt="Виолана 300"
        height="190"
        src="/img/guitar-1.jpg"
        width="75"
      />
      <div
        class="product-card__info"
      >
        <div
          aria-hidden="true"
          class="rate product-card__rate"
        >
          <span
            class="visually-hidden"
          >
            Рейтинг:
          </span>
          <svg
            aria-hidden="true"
            height="11"
            width="12"
          >
            <use
              xlink:href="#icon-full-star"
            />
          </svg>
          <svg
            aria-hidden="true"
            height="11"
            width="12"
          >
            <use
              xlink:href="#icon-full-star"
            />
          </svg>
          <svg
            aria-hidden="true"
            height="11"
            width="12"
          >
            <use
              xlink:href="#icon-full-star"
            />
          </svg>
          <svg
            aria-hidden="true"
            height="11"
            width="12"
          >
            <use
              xlink:href="#icon-full-star"
            />
          </svg>
          <svg
            aria-hidden="true"
            height="11"
            width="12"
          >
            <use
              xlink:href="#icon-star"
            />
          </svg>
          <span
            class="rate__count"
          >
            3
          </span>
          <span
            class="rate__message"
          />
        </div>
        <p
          class="product-card__title"
        >
          Виолана 300
        </p>
        <p
          class="product-card__price"
        >
          <span
            class="visually-hidden"
          >
            Цена:
          </span>
          1700
           ₽
        </p>
      </div>
      <div
        class="product-card__buttons"
      >
        <a
          class="button button--mini"
          data-testid="more"
          href="/guitars/9"
        >
          Подробнее
        </a>
        <a
          class="button button--red button--mini button--add-to-cart"
          href="/cart"
        >
          Купить
        </a>
      </div>
    </div>
    <div
      class="product-card"
    >
      <img
        alt="Roman TX"
        height="190"
        src="/img/guitar-8.jpg"
        width="75"
      />
      <div
        class="product-card__info"
      >
        <div
          aria-hidden="true"
          class="rate product-card__rate"
        >
          <span
            class="visually-hidden"
          >
            Рейтинг:
          </span>
          <svg
            aria-hidden="true"
            height="11"
            width="12"
          >
            <use
              xlink:href="#icon-full-star"
            />
          </svg>
          <svg
            aria-hidden="true"
            height="11"
            width="12"
          >
            <use
              xlink:href="#icon-full-star"
            />
          </svg>
          <svg
            aria-hidden="true"
            height="11"
            width="12"
          >
            <use
              xlink:href="#icon-full-star"
            />
          </svg>
          <svg
            aria-hidden="true"
            height="11"
            width="12"
          >
            <use
              xlink:href="#icon-full-star"
            />
          </svg>
          <svg
            aria-hidden="true"
            height="11"
            width="12"
          >
            <use
              xlink:href="#icon-star"
            />
          </svg>
          <span
            class="rate__count"
          >
            4.5
          </span>
          <span
            class="rate__message"
          />
        </div>
        <p
          class="product-card__title"
        >
          Roman TX
        </p>
        <p
          class="product-card__price"
        >
          <span
            class="visually-hidden"
          >
            Цена:
          </span>
          1900
           ₽
        </p>
      </div>
      <div
        class="product-card__buttons"
      >
        <a
          class="button button--mini"
          data-testid="more"
          href="/guitars/22"
        >
          Подробнее
        </a>
        <a
          class="button button--red button--mini button--add-to-cart"
          href="/cart"
        >
          Купить
        </a>
      </div>
    </div>
    <div
      class="product-card"
    >
      <img
        alt="Dania VX"
        height="190"
        src="/img/guitar-5.jpg"
        width="75"
      />
      <div
        class="product-card__info"
      >
        <div
          aria-hidden="true"
          class="rate product-card__rate"
        >
          <span
            class="visually-hidden"
          >
            Рейтинг:
          </span>
          <svg
            aria-hidden="true"
            height="11"
            width="12"
          >
            <use
              xlink:href="#icon-full-star"
            />
          </svg>
          <svg
            aria-hidden="true"
            height="11"
            width="12"
          >
            <use
              xlink:href="#icon-full-star"
            />
          </svg>
          <svg
            aria-hidden="true"
            height="11"
            width="12"
          >
            <use
              xlink:href="#icon-full-star"
            />
          </svg>
          <svg
            aria-hidden="true"
            height="11"
            width="12"
          >
            <use
              xlink:href="#icon-full-star"
            />
          </svg>
          <svg
            aria-hidden="true"
            height="11"
            width="12"
          >
            <use
              xlink:href="#icon-star"
            />
          </svg>
          <span
            class="rate__count"
          >
            2.5
          </span>
          <span
            class="rate__message"
          />
        </div>
        <p
          class="product-card__title"
        >
          Dania VX
        </p>
        <p
          class="product-card__price"
        >
          <span
            class="visually-hidden"
          >
            Цена:
          </span>
          2200
           ₽
        </p>
      </div>
      <div
        class="product-card__buttons"
      >
        <a
          class="button button--mini"
          data-testid="more"
          href="/guitars/7"
        >
          Подробнее
        </a>
        <a
          class="button button--red button--mini button--add-to-cart"
          href="/cart"
        >
          Купить
        </a>
      </div>
    </div>
  </div>
</div>
`;
